# Mapfile template for the 'latest' WMS service
MAP
    SHAPEPATH 'to be defined by the processinglines'
    NAME 'latest_products'
    PROJECTION
        'init=epsg:4326'
    END
    WEB
        METADATA
            'wms_title' 'latest_products'
            #'wms_onlineresource' 'http://localhost/cgi-bin/mapserv?map=/home/geo2/dev/mapfiles/mapa_big.map&'
            'wms_onlineresource' 'to be defined by the processinglines'
            'wms_srs' 'EPSG:4326'
            'wms_enable_request' '*'
        END
    END
    IMAGETYPE PNG
    EXTENT -180 -90 180 90
    SIZE 800 600
    IMAGECOLOR 0 0 0
    
    LAYER
        NAME 'DSSF'
        STATUS OFF
        TEMPLATE 'template/blank.html'
        DUMP TRUE
        PROJECTION
            'init=epsg:4326'
        END
        METADATA
            'wms_title' 'DSSF'
            'wms_srs' 'EPSG:4326'
            'wms_include_items' 'all'
            'gml_include_items' 'all'
            'wms_abstract' 'to be defined by the processinglines'
        END
        DATA 'to be defined by the processinglines'

        TYPE RASTER
        
        #PROCESSING 'SCALE=-1,1200'
        #PROCESSING 'SCALE_BUCKETS=200'
        CLASSITEM '[pixel]'
        CLASS
            EXPRESSION([pixel] == -1)
            NAME "Missing value"
            STYLE
                COLOR 0 0 0
            END 
        END 
        CLASS
            EXPRESSION([pixel] == 0)
            NAME "0 W.m^-2"
            STYLE
                COLOR 255 255 217
            END 
        END 
        CLASS
            EXPRESSION([pixel] > 0 AND [pixel] <= 138)
            NAME "0 - 138 W.m^-2"
            STYLE
                COLOR 237 248 217
            END
        END
        CLASS
            EXPRESSION([pixel] > 138 AND [pixel] <= 275)
            NAME "138 - 275 W.m^-2"
            STYLE
                COLOR 199 233 180
            END
        END
        CLASS
            EXPRESSION([pixel] > 275 AND [pixel] <= 412)
            NAME "275 - 412 W.m^-2"
            STYLE
                COLOR 127 205 187
            END
        END
        CLASS
            EXPRESSION([pixel] > 412 AND [pixel] <= 550)
            NAME "412 - 550 W.m^-2"
            STYLE
                COLOR 65 182 196
            END
        END
        CLASS
            EXPRESSION([pixel] > 550 AND [pixel] <= 688)
            NAME "550 - 688 W.m^-2"
            STYLE
                COLOR 29 145 192
            END
        END
        CLASS
            EXPRESSION([pixel] > 688 AND [pixel] <= 825)
            NAME "688 - 825 W.m^-2"
            STYLE
                COLOR 34 94 168
            END
        END
        CLASS
            EXPRESSION([pixel] > 825 AND [pixel] <= 962)
            NAME "825 - 962 W.m^-2"
            STYLE
                COLOR 37 52 148
            END
        END
        CLASS
            EXPRESSION([pixel] > 962 AND [pixel] <= 1100)
            NAME "962 - 1100 W.m^-2"
            STYLE
                COLOR 8 29 88
            END
        END
        CLASS
            EXPRESSION([pixel] > 1100)
            NAME "> 1100 W.m^-2"
            STYLE
                COLOR 255 0 0
            END
        END
    END
    LAYER
        NAME 'DSLF'
        STATUS OFF
        TEMPLATE 'template/blank.html'
        DUMP TRUE
        PROJECTION
            'init=epsg:4326'
        END
        METADATA
            'wms_title' 'DSLF'
            'wms_srs' 'EPSG:4326'
            'wms_include_items' 'all'
            'gml_include_items' 'all'
            'wms_abstract' 'to be defined by the processinglines'
        END
        DATA 'to be defined by the processinglines'

        TYPE RASTER
        
        #PROCESSING 'SCALE=-1,1200'
        #PROCESSING 'SCALE_BUCKETS=200'
        CLASSITEM '[pixel]'
	CLASS
            EXPRESSION([pixel] == 0)
            NAME "Missing value"
            STYLE
                COLOR 0 0 0
            END 
        END 
        CLASS
            EXPRESSION([pixel] == 100)
            NAME "100 W.m^-2"
            STYLE
                COLOR 255 247 243
            END 
        END 
        CLASS
            EXPRESSION([pixel] > 100 AND [pixel] <= 144)
            NAME "100 - 144 W.m^-2"
            STYLE
                COLOR 253 224 221
            END
        END
        CLASS
            EXPRESSION([pixel] > 144 AND [pixel] <= 188)
            NAME "144 - 188 W.m^-2"
            STYLE
                COLOR 252 197 192
            END
        END
        CLASS
            EXPRESSION([pixel] > 188 AND [pixel] <= 231)
            NAME "188 - 231 W.m^-2"
            STYLE
                COLOR 250 159 181
            END
        END
        CLASS
            EXPRESSION([pixel] > 231 AND [pixel] <= 275)
            NAME "231 - 275 W.m^-2"
            STYLE
                COLOR 247 104 161
            END
        END
        CLASS
            EXPRESSION([pixel] > 275 AND [pixel] <= 319)
            NAME "275 - 319 W.m^-2"
            STYLE
                COLOR 221 52 151
            END
        END
        CLASS
            EXPRESSION([pixel] > 319 AND [pixel] <= 362)
            NAME "319 - 362 W.m^-2"
            STYLE
                COLOR 174 1 126
            END
        END
	CLASS
            EXPRESSION([pixel] > 362 AND [pixel] <= 406)
            NAME "362 - 406 W.m^-2"
            STYLE
                COLOR 122 1 119
            END
        END
        CLASS
            EXPRESSION([pixel] > 406 AND [pixel] <= 450)
            NAME "406 - 450 W.m^-2"
            STYLE
                COLOR 73 0 106
            END
        END
        CLASS
            EXPRESSION([pixel] > 450)
            NAME "> 450 W.m^-2"
            STYLE
                COLOR 255 0 0
            END
        END
    END
    LAYER
        NAME 'LST'
        STATUS OFF
        TEMPLATE 'template/blank.html'
        DUMP TRUE
        PROJECTION
            'init=epsg:4326'
        END
        METADATA
            'wms_title' 'LST'
            'wms_srs' 'EPSG:4326'
            'wms_include_items' 'all'
            'gml_include_items' 'all'
            'wms_abstract' 'to be defined by the processinglines'
        END
        DATA 'to be defined by the processinglines'

        TYPE RASTER
        
        #PROCESSING 'SCALE=-1,1200'
        #PROCESSING 'SCALE_BUCKETS=200'
        CLASSITEM '[pixel]'
	CLASS
            EXPRESSION([pixel] == -8000)
            NAME "Missing value"
            STYLE
                COLOR 0 0 0
            END 
        END 
        CLASS
            EXPRESSION([pixel] == -40)
            NAME "-40 C"
            STYLE
                COLOR 255 255 204
            END 
        END 
        CLASS
            EXPRESSION([pixel] > -40 AND [pixel] <= -26)
            NAME "-40 - -26 C"
            STYLE
                COLOR 255 237 160
            END
        END
        CLASS
            EXPRESSION([pixel] > -26 AND [pixel] <= -12)
            NAME "-26 - -12 C"
            STYLE
                COLOR 254 217 118
            END
        END
        CLASS
            EXPRESSION([pixel] > -12 AND [pixel] <= 1)
            NAME "-12 - 1 C"
            STYLE
                COLOR 254 178 76
            END
        END
        CLASS
            EXPRESSION([pixel] > 1 AND [pixel] <= 15)
            NAME "1 - 15 C"
            STYLE
                COLOR 253 141 60
            END
        END
	CLASS
            EXPRESSION([pixel] > 15 AND [pixel] <= 29)
            NAME "15 - 29 C"
            STYLE
                COLOR 252 78 42
            END
        END
        CLASS
            EXPRESSION([pixel] > 29 AND [pixel] <= 42)
            NAME "29 - 42 C" 
            STYLE
                COLOR 227 26 28
            END
        END
        CLASS
            EXPRESSION([pixel] > 42 AND [pixel] <= 56)
            NAME "42 - 56 C" 
            STYLE
                COLOR 189 0 38
            END
        END
        CLASS
            EXPRESSION([pixel] > 56 AND [pixel] <= 70)
            NAME "56 - 70 C" 
            STYLE
                COLOR 128 0 38
            END
        END
        CLASS
            EXPRESSION([pixel] > 70)
            NAME "> 70 C"
            STYLE
                COLOR 0 100 0
            END
        END
    END
END
