# Mapfile tutorial

MAP
    SHAPEPATH 'to be replaced'
    NAME 'Quicklooks'
    PROJECTION
        'init=epsg:4326'
    END
    WEB
        METADATA
            'wms_title' 'Quicklooks'
            #'wms_onlineresource' 'http://localhost/cgi-bin/mapserv?map=/home/geo2/dev/mapfiles/mapa_big.map&'
            'wms_onlineresource' 'to be replaced'
            'wms_srs' 'EPSG:4326'
            'wms_enable_request' '*'
        END
    END
    IMAGETYPE PNG
    EXTENT -180 -90 180 90
    SIZE 800 600
    IMAGECOLOR 0 0 0
    
    LAYER
        NAME 'LST'
        STATUS OFF
        TEMPLATE 'templates/blank.html'
        DUMP TRUE
        PROJECTION
            'init=epsg:4326'
        END
        METADATA
            'wms_title' 'dummy'
            'wms_srs' 'EPSG:4326'
            'wms_include_items' 'all'
            'gml_include_items' 'all'
        END
        DATA 'to be replaced'

        TYPE RASTER
        
        #PROCESSING 'SCALE=-1,1200'
        #PROCESSING 'SCALE_BUCKETS=200'
        CLASSITEM '[pixel]'
	CLASS
            EXPRESSION([pixel] == -8000)
            NAME "Missing value"
            STYLE
                COLOR 255 255 255
            END 
        END 
        CLASS
            EXPRESSION([pixel] > -8000 AND [pixel] <= -40)
            NAME "< -40 C"
            STYLE
                COLOR 76 76 76
            END 
        END 
        CLASS
            EXPRESSION([pixel] > -40 AND [pixel] <= -35)
            NAME "-40 - -35 C"
            STYLE
                COLOR 161 161 161
            END
        END
        CLASS
            EXPRESSION([pixel] > -35 AND [pixel] <= -30)
            NAME "-35 - -30 C"
            STYLE
                COLOR 245 245 245
            END
        END
        CLASS
            EXPRESSION([pixel] > -30 AND [pixel] <= -25)
            NAME "-30 - -25 C"
            STYLE
                COLOR 190 147 212
            END
        END
        CLASS
            EXPRESSION([pixel] > -25 AND [pixel] <= -20)
            NAME "-25 - -20 C"
            STYLE
                COLOR 118 26 163
            END
        END
	CLASS
            EXPRESSION([pixel] > -20 AND [pixel] <= -15)
            NAME "-20 - -15 C"
            STYLE
                COLOR 68 29 141
            END
        END
        CLASS
            EXPRESSION([pixel] > -15 AND [pixel] <= -10)
            NAME "-15 - -10 C" 
            STYLE
                COLOR 24 66 127
            END
        END
        CLASS
            EXPRESSION([pixel] > -10 AND [pixel] <= -5)
            NAME "-10 - -5 C" 
            STYLE
                COLOR 15 93 86
            END
        END
        CLASS
            EXPRESSION([pixel] > -5 AND [pixel] <= 0)
            NAME "-5 - 0 C" 
            STYLE
                COLOR 24 115 31
            END
        END
        CLASS
            EXPRESSION([pixel] > 0 AND [pixel] <= 5)
            NAME "0 - 5 C" 
            STYLE
                COLOR 83 155 10
            END
        END
        CLASS
            EXPRESSION([pixel] > 5 AND [pixel] <= 10)
            NAME "5 - 10 C" 
            STYLE
                COLOR 182 209 15
            END
        END
        CLASS
            EXPRESSION([pixel] > 10 AND [pixel] <= 15)
            NAME "10 - 15 C" 
            STYLE
                COLOR 240 210 14
            END
        END
        CLASS
            EXPRESSION([pixel] > 15 AND [pixel] <= 20)
            NAME "15 - 20 C" 
            STYLE
                COLOR 249 145 5
            END
        END
        CLASS
            EXPRESSION([pixel] > 20 AND [pixel] <= 25)
            NAME "20 - 25 C" 
            STYLE
                COLOR 255 85 0
            END
        END
        CLASS
            EXPRESSION([pixel] > 25 AND [pixel] <= 30)
            NAME "25 - 30 C" 
            STYLE
                COLOR 255 37 0
            END
        END
        CLASS
            EXPRESSION([pixel] > 30 AND [pixel] <= 35)
            NAME "30 - 35 C" 
            STYLE
                COLOR 238 37 0
            END
        END
        CLASS
            EXPRESSION([pixel] > 35 AND [pixel] <= 40)
            NAME "35 - 40 C" 
            STYLE
                COLOR 238 3 1
            END
        END
        CLASS
            EXPRESSION([pixel] > 40 AND [pixel] <= 45)
            NAME "40 - 45 C" 
            STYLE
                COLOR 164 16 8
            END
        END
        CLASS
            EXPRESSION([pixel] > 45 AND [pixel] <= 50)
            NAME "45 - 50 C" 
            STYLE
                COLOR 96 27 15
            END
        END
        CLASS
            EXPRESSION([pixel] > 50 AND [pixel] <= 55)
            NAME "50 - 55 C" 
            STYLE
                COLOR 73 25 19
            END
        END
        CLASS
            EXPRESSION([pixel] > 55)
            NAME "> 55 C"
            STYLE
                COLOR 51 22 22
            END
        END
    END
END
