# Mapfile tutorial

MAP
    SHAPEPATH 'to be replaced'
    NAME 'Quicklooks'
    PROJECTION
        'init=epsg:4326'
    END
    WEB
        METADATA
            'wms_title' 'Quicklooks'
            #'wms_onlineresource' 'http://localhost/cgi-bin/mapserv?map=/home/geo2/dev/mapfiles/mapa_big.map&'
            'wms_onlineresource' 'to be replaced'
            'wms_srs' 'EPSG:4326'
            'wms_enable_request' '*'
        END
    END
    IMAGETYPE PNG
    EXTENT -180 -90 180 90
    SIZE 800 600
    IMAGECOLOR 0 0 0
    
    LAYER
        NAME 'DSLF'
        STATUS OFF
        TEMPLATE 'templates/blank.html'
        DUMP TRUE
        PROJECTION
            'init=epsg:4326'
        END
        METADATA
            'wms_title' 'dummy'
            'wms_srs' 'EPSG:4326'
            'wms_include_items' 'all'
            'gml_include_items' 'all'
        END
        DATA 'to be replaced'

        TYPE RASTER
        
        #PROCESSING 'SCALE=-1,1200'
        #PROCESSING 'SCALE_BUCKETS=200'
        CLASSITEM '[pixel]'
	CLASS
            EXPRESSION([pixel] == 0)
            NAME "Missing value"
            STYLE
                COLOR 255 255 255
            END 
        END 
        CLASS
            EXPRESSION([pixel] > 0 AND [pixel] <= 30)
            NAME "< 30 W.m^-2"
            STYLE
                COLOR 5 48 97
            END 
        END 
        CLASS
            EXPRESSION([pixel] > 30 AND [pixel] <= 60)
            NAME "30 - 60 W.m^-2"
            STYLE
                COLOR 21 79 141
            END
        END
        CLASS
            EXPRESSION([pixel] > 60 AND [pixel] <= 90)
            NAME "60 - 90 W.m^-2"
            STYLE
                COLOR 38 109 176
            END
        END
        CLASS
            EXPRESSION([pixel] > 90 AND [pixel] <= 120)
            NAME "90 - 120 W.m^-2"
            STYLE
                COLOR 58 136 189
            END
        END
        CLASS
            EXPRESSION([pixel] > 120 AND [pixel] <= 150)
            NAME "120 - 150 W.m^-2"
            STYLE
                COLOR 96 164 204
            END
        END
        CLASS
            EXPRESSION([pixel] > 150 AND [pixel] <= 180)
            NAME "150 - 180 W.m^-2"
            STYLE
                COLOR 141 194 220
            END
        END
        CLASS
            EXPRESSION([pixel] > 180 AND [pixel] <= 210)
            NAME "180 - 210 W.m^-2"
            STYLE
                COLOR 179 213 231
            END
        END
        CLASS
            EXPRESSION([pixel] > 210 AND [pixel] <= 240)
            NAME "210 - 240 W.m^-2"
            STYLE
                COLOR 213 231 240
            END
        END
        CLASS
            EXPRESSION([pixel] > 240 AND [pixel] <= 270)
            NAME "240 - 270 W.m^-2"
            STYLE
                COLOR 235 241 244
            END
        END
        CLASS
            EXPRESSION([pixel] > 270 AND [pixel] <= 300)
            NAME "270 - 300 W.m^-2"
            STYLE
                COLOR 248 238 232
            END
        END
        CLASS
            EXPRESSION([pixel] > 300 AND [pixel] <= 330)
            NAME "300 - 330 W.m^-2"
            STYLE
                COLOR 252 222 204
            END
        END
        CLASS
            EXPRESSION([pixel] > 330 AND [pixel] <= 360)
            NAME "330 - 360 W.m^-2"
            STYLE
                COLOR 248 193 166
            END
        END
        CLASS
            EXPRESSION([pixel] > 360 AND [pixel] <= 390)
            NAME "360 - 390 W.m^-2"
            STYLE
                COLOR 242 160 126
            END
        END
        CLASS
            EXPRESSION([pixel] > 390 AND [pixel] <= 420)
            NAME "390 - 420 W.m^-2"
            STYLE
                COLOR 224 120 95
            END
        END
        CLASS
            EXPRESSION([pixel] > 420 AND [pixel] <= 450)
            NAME "420 - 450 W.m^-2"
            STYLE
                COLOR 205 79 69
            END
        END
        CLASS
            EXPRESSION([pixel] > 450 AND [pixel] <= 480)
            NAME "450 - 480 W.m^-2"
            STYLE
                COLOR 184 36 49
            END
        END
        CLASS
            EXPRESSION([pixel] > 480 AND [pixel] <= 510)
            NAME "480 - 510 W.m^-2"
            STYLE
                COLOR 147 14 38
            END
        END
        CLASS
            EXPRESSION([pixel] > 510)
            NAME "> 510 W.m^-2"
            STYLE
                COLOR 103 0 31
            END
        END
    END
END
