# Mapfile tutorial

MAP
    SHAPEPATH 'to be replaced'
    NAME 'Quicklooks'
    PROJECTION
        'init=epsg:4326'
    END
    WEB
        METADATA
            'wms_title' 'Quicklooks'
            #'wms_onlineresource' 'http://localhost/cgi-bin/mapserv?map=/home/geo2/dev/mapfiles/mapa_big.map&'
            'wms_onlineresource' 'to be replaced'
            'wms_srs' 'EPSG:4326'
            'wms_enable_request' '*'
        END
    END
    IMAGETYPE PNG
    EXTENT -180 -90 180 90
    SIZE 800 600
    IMAGECOLOR 0 0 0
    LAYER
        NAME 'DSSF'
        STATUS OFF
        TEMPLATE 'templates/blank.html'
        DUMP TRUE
        PROJECTION
            'init=epsg:4326'
        END
        METADATA
            'wms_title' 'to be replaced'
            'wms_srs' 'EPSG:4326'
            'wms_include_items' 'all'
            'gml_include_items' 'all'
        END
        DATA 'to be replaced'

        TYPE RASTER
        
        #PROCESSING 'SCALE=-1,1200'
        #PROCESSING 'SCALE_BUCKETS=200'
        CLASSITEM '[pixel]'
        CLASS
            EXPRESSION([pixel] == -1)
            NAME "Missing value"
            STYLE
                COLOR 255 255 255
            END 
        END 
        CLASS
            EXPRESSION([pixel] > -1 AND [pixel] <= 100)
            NAME "< 100 W.m^-2"
            STYLE
                COLOR 0 0 0
            END
        END
        CLASS
            EXPRESSION([pixel] > 100 AND [pixel] <= 200)
            NAME "100 - 200 W.m^-2"
            STYLE
                COLOR 0 0 41
            END
        END
        CLASS
            EXPRESSION([pixel] > 200 AND [pixel] <= 300)
            NAME "200 - 300 W.m^-2"
            STYLE
                COLOR 0 25 83
            END
        END
        CLASS
            EXPRESSION([pixel] > 300 AND [pixel] <= 400)
            NAME "300 - 400 W.m^-2"
            STYLE
                COLOR 0 87 100
            END
        END
        CLASS
            EXPRESSION([pixel] > 400 AND [pixel] <= 500)
            NAME "400 - 500 W.m^-2"
            STYLE
                COLOR 0 150 100
            END
        END
        CLASS
            EXPRESSION([pixel] > 500 AND [pixel] <= 600)
            NAME "500 - 600 W.m^-2"
            STYLE
                COLOR 0 147 37
            END
        END
        CLASS
            EXPRESSION([pixel] > 600 AND [pixel] <= 700)
            NAME "600 - 700 W.m^-2"
            STYLE
                COLOR 60 120 0
            END
        END
        CLASS
            EXPRESSION([pixel] > 700 AND [pixel] <= 800)
            NAME "700 - 800 W.m^-2"
            STYLE
                COLOR 180 25 0
            END
        END
        CLASS
            EXPRESSION([pixel] > 800 AND [pixel] <= 900)
            NAME "800 - 900 W.m^-2"
            STYLE
                COLOR 208 36 0
            END
        END
        CLASS
            EXPRESSION([pixel] > 900 AND [pixel] <= 1000)
            NAME "900 - 1000 W.m^-2"
            STYLE
                COLOR 218 83 0
            END
        END
        CLASS
            EXPRESSION([pixel] > 1000 AND [pixel] <= 1100)
            NAME "1000 - 1100 W.m^-2"
            STYLE
                COLOR 228 129 0
            END
        END
        CLASS
            EXPRESSION([pixel] > 1100 AND [pixel] <= 1200)
            NAME "1100 - 1200 W.m^-2"
            STYLE
                COLOR 238 175 0
            END
        END
        CLASS
            EXPRESSION([pixel] > 1200)
            NAME "> 1200 W.m^-2"
            STYLE
                COLOR 248 221 0
            END
        END
    END
END
